Archive member included to satisfy reference by file (symbol)

c:/users/pc/onedrive/year3-semester2/micro-processing/stm32/stm32cubeide_1.7.0/stm32cubeide/plugins/com.st.stm32cube.ide.mcu.externaltools.gnu-tools-for-stm32.9-2020-q2-update.win32_2.0.0.202105311346/tools/bin/../lib/gcc/arm-none-eabi/9.3.1/../../../../arm-none-eabi/lib/thumb/v7-m/nofp\libc_nano.a(lib_a-errno.o)
                              ./Core/Src/syscalls.o (__errno)
c:/users/pc/onedrive/year3-semester2/micro-processing/stm32/stm32cubeide_1.7.0/stm32cubeide/plugins/com.st.stm32cube.ide.mcu.externaltools.gnu-tools-for-stm32.9-2020-q2-update.win32_2.0.0.202105311346/tools/bin/../lib/gcc/arm-none-eabi/9.3.1/../../../../arm-none-eabi/lib/thumb/v7-m/nofp\libc_nano.a(lib_a-exit.o)
                              c:/users/pc/onedrive/year3-semester2/micro-processing/stm32/stm32cubeide_1.7.0/stm32cubeide/plugins/com.st.stm32cube.ide.mcu.externaltools.gnu-tools-for-stm32.9-2020-q2-update.win32_2.0.0.202105311346/tools/bin/../lib/gcc/arm-none-eabi/9.3.1/../../../../arm-none-eabi/lib/thumb/v7-m/nofp/crt0.o (exit)
c:/users/pc/onedrive/year3-semester2/micro-processing/stm32/stm32cubeide_1.7.0/stm32cubeide/plugins/com.st.stm32cube.ide.mcu.externaltools.gnu-tools-for-stm32.9-2020-q2-update.win32_2.0.0.202105311346/tools/bin/../lib/gcc/arm-none-eabi/9.3.1/../../../../arm-none-eabi/lib/thumb/v7-m/nofp\libc_nano.a(lib_a-impure.o)
                              c:/users/pc/onedrive/year3-semester2/micro-processing/stm32/stm32cubeide_1.7.0/stm32cubeide/plugins/com.st.stm32cube.ide.mcu.externaltools.gnu-tools-for-stm32.9-2020-q2-update.win32_2.0.0.202105311346/tools/bin/../lib/gcc/arm-none-eabi/9.3.1/../../../../arm-none-eabi/lib/thumb/v7-m/nofp\libc_nano.a(lib_a-exit.o) (_global_impure_ptr)
c:/users/pc/onedrive/year3-semester2/micro-processing/stm32/stm32cubeide_1.7.0/stm32cubeide/plugins/com.st.stm32cube.ide.mcu.externaltools.gnu-tools-for-stm32.9-2020-q2-update.win32_2.0.0.202105311346/tools/bin/../lib/gcc/arm-none-eabi/9.3.1/../../../../arm-none-eabi/lib/thumb/v7-m/nofp\libc_nano.a(lib_a-init.o)
                              c:/users/pc/onedrive/year3-semester2/micro-processing/stm32/stm32cubeide_1.7.0/stm32cubeide/plugins/com.st.stm32cube.ide.mcu.externaltools.gnu-tools-for-stm32.9-2020-q2-update.win32_2.0.0.202105311346/tools/bin/../lib/gcc/arm-none-eabi/9.3.1/../../../../arm-none-eabi/lib/thumb/v7-m/nofp/crt0.o (__libc_init_array)
c:/users/pc/onedrive/year3-semester2/micro-processing/stm32/stm32cubeide_1.7.0/stm32cubeide/plugins/com.st.stm32cube.ide.mcu.externaltools.gnu-tools-for-stm32.9-2020-q2-update.win32_2.0.0.202105311346/tools/bin/../lib/gcc/arm-none-eabi/9.3.1/../../../../arm-none-eabi/lib/thumb/v7-m/nofp\libc_nano.a(lib_a-memset.o)
                              c:/users/pc/onedrive/year3-semester2/micro-processing/stm32/stm32cubeide_1.7.0/stm32cubeide/plugins/com.st.stm32cube.ide.mcu.externaltools.gnu-tools-for-stm32.9-2020-q2-update.win32_2.0.0.202105311346/tools/bin/../lib/gcc/arm-none-eabi/9.3.1/../../../../arm-none-eabi/lib/thumb/v7-m/nofp/crt0.o (memset)

Allocating common symbols
Common symbol       size              file

uwTick              0x4               ./Drivers/STM32F1xx_HAL_Driver/Src/stm32f1xx_hal.o
pFlash              0x20              ./Drivers/STM32F1xx_HAL_Driver/Src/stm32f1xx_hal_flash.o
htim2               0x48              ./Core/Src/main.o

Discarded input sections

 .text          0x0000000000000000        0x0 c:/users/pc/onedrive/year3-semester2/micro-processing/stm32/stm32cubeide_1.7.0/stm32cubeide/plugins/com.st.stm32cube.ide.mcu.externaltools.gnu-tools-for-stm32.9-2020-q2-update.win32_2.0.0.202105311346/tools/bin/../lib/gcc/arm-none-eabi/9.3.1/thumb/v7-m/nofp/crti.o
 .data          0x0000000000000000        0x0 c:/users/pc/onedrive/year3-semester2/micro-processing/stm32/stm32cubeide_1.7.0/stm32cubeide/plugins/com.st.stm32cube.ide.mcu.externaltools.gnu-tools-for-stm32.9-2020-q2-update.win32_2.0.0.202105311346/tools/bin/../lib/gcc/arm-none-eabi/9.3.1/thumb/v7-m/nofp/crti.o
 .bss           0x0000000000000000        0x0 c:/users/pc/onedrive/year3-semester2/micro-processing/stm32/stm32cubeide_1.7.0/stm32cubeide/plugins/com.st.stm32cube.ide.mcu.externaltools.gnu-tools-for-stm32.9-2020-q2-update.win32_2.0.0.202105311346/tools/bin/../lib/gcc/arm-none-eabi/9.3.1/thumb/v7-m/nofp/crti.o
 .data          0x0000000000000000        0x4 c:/users/pc/onedrive/year3-semester2/micro-processing/stm32/stm32cubeide_1.7.0/stm32cubeide/plugins/com.st.stm32cube.ide.mcu.externaltools.gnu-tools-for-stm32.9-2020-q2-update.win32_2.0.0.202105311346/tools/bin/../lib/gcc/arm-none-eabi/9.3.1/thumb/v7-m/nofp/crtbegin.o
[...]
Memory Configuration

Name             Origin             Length             Attributes
RAM              0x0000000020000000 0x0000000000002800 xrw
FLASH            0x0000000008000000 0x0000000000008000 xr
*default*        0x0000000000000000 0xffffffffffffffff

Linker script and memory map

LOAD c:/users/pc/onedrive/year3-semester2/micro-processing/stm32/stm32cubeide_1.7.0/stm32cubeide/plugins/com.st.stm32cube.ide.mcu.externaltools.gnu-tools-for-stm32.9-2020-q2-update.win32_2.0.0.202105311346/tools/bin/../lib/gcc/arm-none-eabi/9.3.1/thumb/v7-m/nofp/crti.o
LOAD c:/users/pc/onedrive/year3-semester2/micro-processing/stm32/stm32cubeide_1.7.0/stm32cubeide/plugins/com.st.stm32cube.ide.mcu.externaltools.gnu-tools-for-stm32.9-2020-q2-update.win32_2.0.0.202105311346/tools/bin/../lib/gcc/arm-none-eabi/9.3.1/thumb/v7-m/nofp/crtbegin.o
LOAD c:/users/pc/onedrive/year3-semester2/micro-processing/stm32/stm32cubeide_1.7.0/stm32cubeide/plugins/com.st.stm32cube.ide.mcu.externaltools.gnu-tools-for-stm32.9-2020-q2-update.win32_2.0.0.202105311346/tools/bin/../lib/gcc/arm-none-eabi/9.3.1/../../../../arm-none-eabi/lib/thumb/v7-m/nofp/crt0.o
LOAD ./Core/Src/button.o
LOAD ./Core/Src/control_led.o
LOAD ./Core/Src/fsm_simple_buttons_run.o
LOAD ./Core/Src/main.o
LOAD ./Core/Src/software_timer.o
LOAD ./Core/Src/stm32f1xx_hal_msp.o
LOAD ./Core/Src/stm32f1xx_it.o
LOAD ./Core/Src/syscalls.o
LOAD ./Core/Src/sysmem.o
LOAD ./Core/Src/system_stm32f1xx.o
LOAD ./Core/Startup/startup_stm32f103c6ux.o
LOAD ./Drivers/STM32F1xx_HAL_Driver/Src/stm32f1xx_hal.o
LOAD ./Drivers/STM32F1xx_HAL_Driver/Src/stm32f1xx_hal_cortex.o
LOAD ./Drivers/STM32F1xx_HAL_Driver/Src/stm32f1xx_hal_dma.o
LOAD ./Drivers/STM32F1xx_HAL_Driver/Src/stm32f1xx_hal_exti.o
LOAD ./Drivers/STM32F1xx_HAL_Driver/Src/stm32f1xx_hal_flash.o
LOAD ./Drivers/STM32F1xx_HAL_Driver/Src/stm32f1xx_hal_flash_ex.o
LOAD ./Drivers/STM32F1xx_HAL_Driver/Src/stm32f1xx_hal_gpio.o
LOAD ./Drivers/STM32F1xx_HAL_Driver/Src/stm32f1xx_hal_gpio_ex.o
LOAD ./Drivers/STM32F1xx_HAL_Driver/Src/stm32f1xx_hal_pwr.o
LOAD ./Drivers/STM32F1xx_HAL_Driver/Src/stm32f1xx_hal_rcc.o
LOAD ./Drivers/STM32F1xx_HAL_Driver/Src/stm32f1xx_hal_rcc_ex.o
LOAD ./Drivers/STM32F1xx_HAL_Driver/Src/stm32f1xx_hal_tim.o
LOAD ./Drivers/STM32F1xx_HAL_Driver/Src/stm32f1xx_hal_tim_ex.o
START GROUP
LOAD c:/users/pc/onedrive/year3-semester2/micro-processing/stm32/stm32cubeide_1.7.0/stm32cubeide/plugins/com.st.stm32cube.ide.mcu.externaltools.gnu-tools-for-stm32.9-2020-q2-update.win32_2.0.0.202105311346/tools/bin/../lib/gcc/arm-none-eabi/9.3.1/../../../../arm-none-eabi/lib/thumb/v7-m/nofp\libc_nano.a
LOAD c:/users/pc/onedrive/year3-semester2/micro-processing/stm32/stm32cubeide_1.7.0/stm32cubeide/plugins/com.st.stm32cube.ide.mcu.externaltools.gnu-tools-for-stm32.9-2020-q2-update.win32_2.0.0.202105311346/tools/bin/../lib/gcc/arm-none-eabi/9.3.1/../../../../arm-none-eabi/lib/thumb/v7-m/nofp\libm.a
END GROUP
START GROUP
LOAD c:/users/pc/onedrive/year3-semester2/micro-processing/stm32/stm32cubeide_1.7.0/stm32cubeide/plugins/com.st.stm32cube.ide.mcu.externaltools.gnu-tools-for-stm32.9-2020-q2-update.win32_2.0.0.202105311346/tools/bin/../lib/gcc/arm-none-eabi/9.3.1/thumb/v7-m/nofp\libgcc.a
LOAD c:/users/pc/onedrive/year3-semester2/micro-processing/stm32/stm32cubeide_1.7.0/stm32cubeide/plugins/com.st.stm32cube.ide.mcu.externaltools.gnu-tools-for-stm32.9-2020-q2-update.win32_2.0.0.202105311346/tools/bin/../lib/gcc/arm-none-eabi/9.3.1/../../../../arm-none-eabi/lib/thumb/v7-m/nofp\libc_nano.a
END GROUP
START GROUP
LOAD c:/users/pc/onedrive/year3-semester2/micro-processing/stm32/stm32cubeide_1.7.0/stm32cubeide/plugins/com.st.stm32cube.ide.mcu.externaltools.gnu-tools-for-stm32.9-2020-q2-update.win32_2.0.0.202105311346/tools/bin/../lib/gcc/arm-none-eabi/9.3.1/thumb/v7-m/nofp\libgcc.a
LOAD c:/users/pc/onedrive/year3-semester2/micro-processing/stm32/stm32cubeide_1.7.0/stm32cubeide/plugins/com.st.stm32cube.ide.mcu.externaltools.gnu-tools-for-stm32.9-2020-q2-update.win32_2.0.0.202105311346/tools/bin/../lib/gcc/arm-none-eabi/9.3.1/../../../../arm-none-eabi/lib/thumb/v7-m/nofp\libc_nano.a
LOAD c:/users/pc/onedrive/year3-semester2/micro-processing/stm32/stm32cubeide_1.7.0/stm32cubeide/plugins/com.st.stm32cube.ide.mcu.externaltools.gnu-tools-for-stm32.9-2020-q2-update.win32_2.0.0.202105311346/tools/bin/../lib/gcc/arm-none-eabi/9.3.1/../../../../arm-none-eabi/lib/thumb/v7-m/nofp\libnosys.a
END GROUP
START GROUP
LOAD c:/users/pc/onedrive/year3-semester2/micro-processing/stm32/stm32cubeide_1.7.0/stm32cubeide/plugins/com.st.stm32cube.ide.mcu.externaltools.gnu-tools-for-stm32.9-2020-q2-update.win32_2.0.0.202105311346/tools/bin/../lib/gcc/arm-none-eabi/9.3.1/thumb/v7-m/nofp\libgcc.a
LOAD c:/users/pc/onedrive/year3-semester2/micro-processing/stm32/stm32cubeide_1.7.0/stm32cubeide/plugins/com.st.stm32cube.ide.mcu.externaltools.gnu-tools-for-stm32.9-2020-q2-update.win32_2.0.0.202105311346/tools/bin/../lib/gcc/arm-none-eabi/9.3.1/../../../../arm-none-eabi/lib/thumb/v7-m/nofp\libc_nano.a
LOAD c:/users/pc/onedrive/year3-semester2/micro-processing/stm32/stm32cubeide_1.7.0/stm32cubeide/plugins/com.st.stm32cube.ide.mcu.externaltools.gnu-tools-for-stm32.9-2020-q2-update.win32_2.0.0.202105311346/tools/bin/../lib/gcc/arm-none-eabi/9.3.1/../../../../arm-none-eabi/lib/thumb/v7-m/nofp\libnosys.a
END GROUP
LOAD c:/users/pc/onedrive/year3-semester2/micro-processing/stm32/stm32cubeide_1.7.0/stm32cubeide/plugins/com.st.stm32cube.ide.mcu.externaltools.gnu-tools-for-stm32.9-2020-q2-update.win32_2.0.0.202105311346/tools/bin/../lib/gcc/arm-none-eabi/9.3.1/thumb/v7-m/nofp/crtend.o
LOAD c:/users/pc/onedrive/year3-semester2/micro-processing/stm32/stm32cubeide_1.7.0/stm32cubeide/plugins/com.st.stm32cube.ide.mcu.externaltools.gnu-tools-for-stm32.9-2020-q2-update.win32_2.0.0.202105311346/tools/bin/../lib/gcc/arm-none-eabi/9.3.1/thumb/v7-m/nofp/crtn.o
                0x0000000020002800                _estack = (ORIGIN (RAM) + LENGTH (RAM))
                0x0000000000000200                _Min_Heap_Size = 0x200
                0x0000000000000400                _Min_Stack_Size = 0x400

.isr_vector     0x0000000008000000      0x10c
                0x0000000008000000                . = ALIGN (0x4)
 *(.isr_vector)
 .isr_vector    0x0000000008000000      0x10c ./Core/Startup/startup_stm32f103c6ux.o
                0x0000000008000000                g_pfnVectors
                0x000000000800010c                . = ALIGN (0x4)

.text           0x000000000800010c     0x2030
                0x000000000800010c                . = ALIGN (0x4)
 *(.text)
 .text          0x000000000800010c       0x40 c:/users/pc/onedrive/year3-semester2/micro-processing/stm32/stm32cubeide_1.7.0/stm32cubeide/plugins/com.st.stm32cube.ide.mcu.externaltools.gnu-tools-for-stm32.9-2020-q2-update.win32_2.0.0.202105311346/tools/bin/../lib/gcc/arm-none-eabi/9.3.1/thumb/v7-m/nofp/crtbegin.o
 *(.text*)
 .text.is_button_pressed
                0x000000000800014c       0x34 ./Core/Src/button.o
                0x000000000800014c                is_button_pressed
 .text.subKeyProcess
                0x0000000008000180       0x20 ./Core/Src/button.o
                0x0000000008000180                subKeyProcess
 .text.is_long_button_flag
                0x00000000080001a0       0x34 ./Core/Src/button.o
                0x00000000080001a0                is_long_button_flag
 .text.getKeyInput
                0x00000000080001d4      0x1a0 ./Core/Src/button.o
                0x00000000080001d4                getKeyInput
 .text.display7SEG
                0x0000000008000374      0x148 ./Core/Src/control_led.o
                0x0000000008000374                display7SEG
 .text.wrapAroundCounter
                0x00000000080004bc       0x2c ./Core/Src/fsm_simple_buttons_run.o
                0x00000000080004bc                wrapAroundCounter
 .text.detectButtonEvent
                0x00000000080004e8       0x24 ./Core/Src/fsm_simple_buttons_run.o
                0x00000000080004e8                detectButtonEvent
 .text.fsm_simple_buttons_run
                0x000000000800050c      0x118 ./Core/Src/fsm_simple_buttons_run.o
                0x000000000800050c                fsm_simple_buttons_run
 .text.main     0x0000000008000624       0x38 ./Core/Src/main.o
                0x0000000008000624                main
 .text.SystemClock_Config
                0x000000000800065c       0x76 ./Core/Src/main.o
                0x000000000800065c                SystemClock_Config
 *fill*         0x00000000080006d2        0x2 
 .text.MX_TIM2_Init
                0x00000000080006d4       0x98 ./Core/Src/main.o
 .text.MX_GPIO_Init
                0x000000000800076c       0x9c ./Core/Src/main.o
 .text.HAL_TIM_PeriodElapsedCallback
                0x0000000008000808       0x18 ./Core/Src/main.o
                0x0000000008000808                HAL_TIM_PeriodElapsedCallback
 .text.Error_Handler
                0x0000000008000820        0xa ./Core/Src/main.o
                0x0000000008000820                Error_Handler
 *fill*         0x000000000800082a        0x2 
 .text.setTimer0
                0x000000000800082c       0x28 ./Core/Src/software_timer.o
                0x000000000800082c                setTimer0
 .text.setTimer1
                0x0000000008000854       0x28 ./Core/Src/software_timer.o
                0x0000000008000854                setTimer1
 .text.setTimer2
                0x000000000800087c       0x28 ./Core/Src/software_timer.o
                0x000000000800087c                setTimer2
 .text.timerRun
                0x00000000080008a4       0xd4 ./Core/Src/software_timer.o
                0x00000000080008a4                timerRun
 .text.HAL_MspInit
                0x0000000008000978       0x64 ./Core/Src/stm32f1xx_hal_msp.o
                0x0000000008000978                HAL_MspInit
 .text.HAL_TIM_Base_MspInit
                0x00000000080009dc       0x48 ./Core/Src/stm32f1xx_hal_msp.o
                0x00000000080009dc                HAL_TIM_Base_MspInit
 .text.NMI_Handler
                0x0000000008000a24        0x6 ./Core/Src/stm32f1xx_it.o
                0x0000000008000a24                NMI_Handler
 .text.HardFault_Handler
                0x0000000008000a2a        0x6 ./Core/Src/stm32f1xx_it.o
                0x0000000008000a2a                HardFault_Handler
 .text.MemManage_Handler
                0x0000000008000a30        0x6 ./Core/Src/stm32f1xx_it.o
                0x0000000008000a30                MemManage_Handler
 .text.BusFault_Handler
                0x0000000008000a36        0x6 ./Core/Src/stm32f1xx_it.o
                0x0000000008000a36                BusFault_Handler
 .text.UsageFault_Handler
                0x0000000008000a3c        0x6 ./Core/Src/stm32f1xx_it.o
                0x0000000008000a3c                UsageFault_Handler
 .text.SVC_Handler
                0x0000000008000a42        0xc ./Core/Src/stm32f1xx_it.o
                0x0000000008000a42                SVC_Handler
 .text.DebugMon_Handler
                0x0000000008000a4e        0xc ./Core/Src/stm32f1xx_it.o
                0x0000000008000a4e                DebugMon_Handler
 .text.PendSV_Handler
                0x0000000008000a5a        0xc ./Core/Src/stm32f1xx_it.o
                0x0000000008000a5a                PendSV_Handler
 .text.SysTick_Handler
                0x0000000008000a66        0xc ./Core/Src/stm32f1xx_it.o
                0x0000000008000a66                SysTick_Handler
 *fill*         0x0000000008000a72        0x2 
 .text.TIM2_IRQHandler
                0x0000000008000a74       0x14 ./Core/Src/stm32f1xx_it.o
                0x0000000008000a74                TIM2_IRQHandler
 .text.SystemInit
                0x0000000008000a88        0xc ./Core/Src/system_stm32f1xx.o
                0x0000000008000a88                SystemInit
 .text.Reset_Handler
                0x0000000008000a94       0x48 ./Core/Startup/startup_stm32f103c6ux.o
                0x0000000008000a94                Reset_Handler
 .text.Default_Handler
                0x0000000008000adc        0x2 ./Core/Startup/startup_stm32f103c6ux.o
                0x0000000008000adc                RTC_Alarm_IRQHandler
                0x0000000008000adc                EXTI2_IRQHandler
                0x0000000008000adc                TIM1_CC_IRQHandler
                0x0000000008000adc                PVD_IRQHandler
                0x0000000008000adc                EXTI3_IRQHandler
                0x0000000008000adc                EXTI0_IRQHandler
                0x0000000008000adc                ADC1_2_IRQHandler
                0x0000000008000adc                SPI1_IRQHandler
                0x0000000008000adc                TAMPER_IRQHandler
                0x0000000008000adc                DMA1_Channel4_IRQHandler
                0x0000000008000adc                RTC_IRQHandler
                0x0000000008000adc                DMA1_Channel7_IRQHandler
                0x0000000008000adc                CAN1_RX1_IRQHandler
                0x0000000008000adc                I2C1_EV_IRQHandler
                0x0000000008000adc                DMA1_Channel6_IRQHandler
                0x0000000008000adc                TIM3_IRQHandler
                0x0000000008000adc                RCC_IRQHandler
                0x0000000008000adc                TIM1_TRG_COM_IRQHandler
                0x0000000008000adc                DMA1_Channel1_IRQHandler
                0x0000000008000adc                Default_Handler
                0x0000000008000adc                EXTI15_10_IRQHandler
                0x0000000008000adc                EXTI9_5_IRQHandler
                0x0000000008000adc                DMA1_Channel5_IRQHandler
                0x0000000008000adc                EXTI4_IRQHandler
                0x0000000008000adc                USB_LP_CAN1_RX0_IRQHandler
                0x0000000008000adc                USB_HP_CAN1_TX_IRQHandler
                0x0000000008000adc                DMA1_Channel3_IRQHandler
                0x0000000008000adc                TIM1_UP_IRQHandler
                0x0000000008000adc                WWDG_IRQHandler
                0x0000000008000adc                TIM1_BRK_IRQHandler
                0x0000000008000adc                EXTI1_IRQHandler
                0x0000000008000adc                USART2_IRQHandler
                0x0000000008000adc                DMA1_Channel2_IRQHandler
                0x0000000008000adc                CAN1_SCE_IRQHandler
                0x0000000008000adc                FLASH_IRQHandler
                0x0000000008000adc                USART1_IRQHandler
                0x0000000008000adc                I2C1_ER_IRQHandler
                0x0000000008000adc                USBWakeUp_IRQHandler
 *fill*         0x0000000008000ade        0x2 
 .text.HAL_Init
                0x0000000008000ae0       0x2c ./Drivers/STM32F1xx_HAL_Driver/Src/stm32f1xx_hal.o
                0x0000000008000ae0                HAL_Init
 .text.HAL_InitTick
                0x0000000008000b0c       0x60 ./Drivers/STM32F1xx_HAL_Driver/Src/stm32f1xx_hal.o
                0x0000000008000b0c                HAL_InitTick
 .text.HAL_IncTick
                0x0000000008000b6c       0x24 ./Drivers/STM32F1xx_HAL_Driver/Src/stm32f1xx_hal.o
                0x0000000008000b6c                HAL_IncTick
 .text.HAL_GetTick
                0x0000000008000b90       0x14 ./Drivers/STM32F1xx_HAL_Driver/Src/stm32f1xx_hal.o
                0x0000000008000b90                HAL_GetTick
 .text.__NVIC_SetPriorityGrouping
                0x0000000008000ba4       0x48 ./Drivers/STM32F1xx_HAL_Driver/Src/stm32f1xx_hal_cortex.o
 .text.__NVIC_GetPriorityGrouping
                0x0000000008000bec       0x1c ./Drivers/STM32F1xx_HAL_Driver/Src/stm32f1xx_hal_cortex.o
 .text.__NVIC_EnableIRQ
                0x0000000008000c08       0x38 ./Drivers/STM32F1xx_HAL_Driver/Src/stm32f1xx_hal_cortex.o
 .text.__NVIC_SetPriority
                0x0000000008000c40       0x54 ./Drivers/STM32F1xx_HAL_Driver/Src/stm32f1xx_hal_cortex.o
 .text.NVIC_EncodePriority
                0x0000000008000c94       0x64 ./Drivers/STM32F1xx_HAL_Driver/Src/stm32f1xx_hal_cortex.o
 .text.SysTick_Config
                0x0000000008000cf8       0x44 ./Drivers/STM32F1xx_HAL_Driver/Src/stm32f1xx_hal_cortex.o
 .text.HAL_NVIC_SetPriorityGrouping
                0x0000000008000d3c       0x16 ./Drivers/STM32F1xx_HAL_Driver/Src/stm32f1xx_hal_cortex.o
                0x0000000008000d3c                HAL_NVIC_SetPriorityGrouping
 .text.HAL_NVIC_SetPriority
                0x0000000008000d52       0x38 ./Drivers/STM32F1xx_HAL_Driver/Src/stm32f1xx_hal_cortex.o
                0x0000000008000d52                HAL_NVIC_SetPriority
 .text.HAL_NVIC_EnableIRQ
                0x0000000008000d8a       0x1c ./Drivers/STM32F1xx_HAL_Driver/Src/stm32f1xx_hal_cortex.o
                0x0000000008000d8a                HAL_NVIC_EnableIRQ
 .text.HAL_SYSTICK_Config
                0x0000000008000da6       0x18 ./Drivers/STM32F1xx_HAL_Driver/Src/stm32f1xx_hal_cortex.o
                0x0000000008000da6                HAL_SYSTICK_Config
 *fill*         0x0000000008000dbe        0x2 
 .text.HAL_GPIO_Init
                0x0000000008000dc0      0x2f4 ./Drivers/STM32F1xx_HAL_Driver/Src/stm32f1xx_hal_gpio.o
                0x0000000008000dc0                HAL_GPIO_Init
 .text.HAL_GPIO_ReadPin
                0x00000000080010b4       0x2e ./Drivers/STM32F1xx_HAL_Driver/Src/stm32f1xx_hal_gpio.o
                0x00000000080010b4                HAL_GPIO_ReadPin
 .text.HAL_GPIO_WritePin
                0x00000000080010e2       0x30 ./Drivers/STM32F1xx_HAL_Driver/Src/stm32f1xx_hal_gpio.o
                0x00000000080010e2                HAL_GPIO_WritePin
 .text.HAL_GPIO_TogglePin
                0x0000000008001112       0x32 ./Drivers/STM32F1xx_HAL_Driver/Src/stm32f1xx_hal_gpio.o
                0x0000000008001112                HAL_GPIO_TogglePin
 .text.HAL_RCC_OscConfig
                0x0000000008001144      0x500 ./Drivers/STM32F1xx_HAL_Driver/Src/stm32f1xx_hal_rcc.o
                0x0000000008001144                HAL_RCC_OscConfig
 .text.HAL_RCC_ClockConfig
                0x0000000008001644      0x1d4 ./Drivers/STM32F1xx_HAL_Driver/Src/stm32f1xx_hal_rcc.o
                0x0000000008001644                HAL_RCC_ClockConfig
 .text.HAL_RCC_GetSysClockFreq
                0x0000000008001818       0xa8 ./Drivers/STM32F1xx_HAL_Driver/Src/stm32f1xx_hal_rcc.o
                0x0000000008001818                HAL_RCC_GetSysClockFreq
 .text.RCC_Delay
                0x00000000080018c0       0x3c ./Drivers/STM32F1xx_HAL_Driver/Src/stm32f1xx_hal_rcc.o
 .text.HAL_TIM_Base_Init
                0x00000000080018fc       0x9e ./Drivers/STM32F1xx_HAL_Driver/Src/stm32f1xx_hal_tim.o
                0x00000000080018fc                HAL_TIM_Base_Init
 *fill*         0x000000000800199a        0x2 
 .text.HAL_TIM_Base_Start_IT
                0x000000000800199c       0x98 ./Drivers/STM32F1xx_HAL_Driver/Src/stm32f1xx_hal_tim.o
                0x000000000800199c                HAL_TIM_Base_Start_IT
 .text.HAL_TIM_IRQHandler
                0x0000000008001a34      0x210 ./Drivers/STM32F1xx_HAL_Driver/Src/stm32f1xx_hal_tim.o
                0x0000000008001a34                HAL_TIM_IRQHandler
 .text.HAL_TIM_ConfigClockSource
                0x0000000008001c44      0x18e ./Drivers/STM32F1xx_HAL_Driver/Src/stm32f1xx_hal_tim.o
                0x0000000008001c44                HAL_TIM_ConfigClockSource
 .text.HAL_TIM_OC_DelayElapsedCallback
                0x0000000008001dd2       0x12 ./Drivers/STM32F1xx_HAL_Driver/Src/stm32f1xx_hal_tim.o
                0x0000000008001dd2                HAL_TIM_OC_DelayElapsedCallback
 .text.HAL_TIM_IC_CaptureCallback
                0x0000000008001de4       0x12 ./Drivers/STM32F1xx_HAL_Driver/Src/stm32f1xx_hal_tim.o
                0x0000000008001de4                HAL_TIM_IC_CaptureCallback
 .text.HAL_TIM_PWM_PulseFinishedCallback
                0x0000000008001df6       0x12 ./Drivers/STM32F1xx_HAL_Driver/Src/stm32f1xx_hal_tim.o
                0x0000000008001df6                HAL_TIM_PWM_PulseFinishedCallback
 .text.HAL_TIM_TriggerCallback
                0x0000000008001e08       0x12 ./Drivers/STM32F1xx_HAL_Driver/Src/stm32f1xx_hal_tim.o
                0x0000000008001e08                HAL_TIM_TriggerCallback
 *fill*         0x0000000008001e1a        0x2 
 .text.TIM_Base_SetConfig
                0x0000000008001e1c       0xb0 ./Drivers/STM32F1xx_HAL_Driver/Src/stm32f1xx_hal_tim.o
                0x0000000008001e1c                TIM_Base_SetConfig
 .text.TIM_TI1_ConfigInputStage
                0x0000000008001ecc       0x5c ./Drivers/STM32F1xx_HAL_Driver/Src/stm32f1xx_hal_tim.o
 .text.TIM_TI2_ConfigInputStage
                0x0000000008001f28       0x5e ./Drivers/STM32F1xx_HAL_Driver/Src/stm32f1xx_hal_tim.o
 .text.TIM_ITRx_SetConfig
                0x0000000008001f86       0x34 ./Drivers/STM32F1xx_HAL_Driver/Src/stm32f1xx_hal_tim.o
 .text.TIM_ETR_SetConfig
                0x0000000008001fba       0x3e ./Drivers/STM32F1xx_HAL_Driver/Src/stm32f1xx_hal_tim.o
                0x0000000008001fba                TIM_ETR_SetConfig
 .text.HAL_TIMEx_MasterConfigSynchronization
                0x0000000008001ff8       0xb0 ./Drivers/STM32F1xx_HAL_Driver/Src/stm32f1xx_hal_tim_ex.o
                0x0000000008001ff8                HAL_TIMEx_MasterConfigSynchronization
 .text.HAL_TIMEx_CommutCallback
                0x00000000080020a8       0x12 ./Drivers/STM32F1xx_HAL_Driver/Src/stm32f1xx_hal_tim_ex.o
                0x00000000080020a8                HAL_TIMEx_CommutCallback
 .text.HAL_TIMEx_BreakCallback
                0x00000000080020ba       0x12 ./Drivers/STM32F1xx_HAL_Driver/Src/stm32f1xx_hal_tim_ex.o
                0x00000000080020ba                HAL_TIMEx_BreakCallback
 .text.__libc_init_array
                0x00000000080020cc       0x48 c:/users/pc/onedrive/year3-semester2/micro-processing/stm32/stm32cubeide_1.7.0/stm32cubeide/plugins/com.st.stm32cube.ide.mcu.externaltools.gnu-tools-for-stm32.9-2020-q2-update.win32_2.0.0.202105311346/tools/bin/../lib/gcc/arm-none-eabi/9.3.1/../../../../arm-none-eabi/lib/thumb/v7-m/nofp\libc_nano.a(lib_a-init.o)
                0x00000000080020cc                __libc_init_array
 .text.memset   0x0000000008002114       0x10 c:/users/pc/onedrive/year3-semester2/micro-processing/stm32/stm32cubeide_1.7.0/stm32cubeide/plugins/com.st.stm32cube.ide.mcu.externaltools.gnu-tools-for-stm32.9-2020-q2-update.win32_2.0.0.202105311346/tools/bin/../lib/gcc/arm-none-eabi/9.3.1/../../../../arm-none-eabi/lib/thumb/v7-m/nofp\libc_nano.a(lib_a-memset.o)
                0x0000000008002114                memset
 *(.glue_7)
 .glue_7        0x0000000008002124        0x0 linker stubs
 *(.glue_7t)
 .glue_7t       0x0000000008002124        0x0 linker stubs
 *(.eh_frame)
 .eh_frame      0x0000000008002124        0x0 c:/users/pc/onedrive/year3-semester2/micro-processing/stm32/stm32cubeide_1.7.0/stm32cubeide/plugins/com.st.stm32cube.ide.mcu.externaltools.gnu-tools-for-stm32.9-2020-q2-update.win32_2.0.0.202105311346/tools/bin/../lib/gcc/arm-none-eabi/9.3.1/thumb/v7-m/nofp/crtbegin.o
 *(.init)
 .init          0x0000000008002124        0x4 c:/users/pc/onedrive/year3-semester2/micro-processing/stm32/stm32cubeide_1.7.0/stm32cubeide/plugins/com.st.stm32cube.ide.mcu.externaltools.gnu-tools-for-stm32.9-2020-q2-update.win32_2.0.0.202105311346/tools/bin/../lib/gcc/arm-none-eabi/9.3.1/thumb/v7-m/nofp/crti.o
                0x0000000008002124                _init
 .init          0x0000000008002128        0x8 c:/users/pc/onedrive/year3-semester2/micro-processing/stm32/stm32cubeide_1.7.0/stm32cubeide/plugins/com.st.stm32cube.ide.mcu.externaltools.gnu-tools-for-stm32.9-2020-q2-update.win32_2.0.0.202105311346/tools/bin/../lib/gcc/arm-none-eabi/9.3.1/thumb/v7-m/nofp/crtn.o
 *(.fini)
 .fini          0x0000000008002130        0x4 c:/users/pc/onedrive/year3-semester2/micro-processing/stm32/stm32cubeide_1.7.0/stm32cubeide/plugins/com.st.stm32cube.ide.mcu.externaltools.gnu-tools-for-stm32.9-2020-q2-update.win32_2.0.0.202105311346/tools/bin/../lib/gcc/arm-none-eabi/9.3.1/thumb/v7-m/nofp/crti.o
                0x0000000008002130                _fini
 .fini          0x0000000008002134        0x8 c:/users/pc/onedrive/year3-semester2/micro-processing/stm32/stm32cubeide_1.7.0/stm32cubeide/plugins/com.st.stm32cube.ide.mcu.externaltools.gnu-tools-for-stm32.9-2020-q2-update.win32_2.0.0.202105311346/tools/bin/../lib/gcc/arm-none-eabi/9.3.1/thumb/v7-m/nofp/crtn.o
                0x000000000800213c                . = ALIGN (0x4)
                0x000000000800213c                _etext = .

.vfp11_veneer   0x000000000800213c        0x0
 .vfp11_veneer  0x000000000800213c        0x0 linker stubs

.v4_bx          0x000000000800213c        0x0
 .v4_bx         0x000000000800213c        0x0 linker stubs

.iplt           0x000000000800213c        0x0
 .iplt          0x000000000800213c        0x0 c:/users/pc/onedrive/year3-semester2/micro-processing/stm32/stm32cubeide_1.7.0/stm32cubeide/plugins/com.st.stm32cube.ide.mcu.externaltools.gnu-tools-for-stm32.9-2020-q2-update.win32_2.0.0.202105311346/tools/bin/../lib/gcc/arm-none-eabi/9.3.1/thumb/v7-m/nofp/crtbegin.o

.rodata         0x000000000800213c       0x24
                0x000000000800213c                . = ALIGN (0x4)
 *(.rodata)
 *(.rodata*)
 .rodata.AHBPrescTable
                0x000000000800213c       0x10 ./Core/Src/system_stm32f1xx.o
                0x000000000800213c                AHBPrescTable
 .rodata.aPLLMULFactorTable.6032
                0x000000000800214c       0x10 ./Drivers/STM32F1xx_HAL_Driver/Src/stm32f1xx_hal_rcc.o
 .rodata.aPredivFactorTable.6033
                0x000000000800215c        0x2 ./Drivers/STM32F1xx_HAL_Driver/Src/stm32f1xx_hal_rcc.o
                0x0000000008002160                . = ALIGN (0x4)
 *fill*         0x000000000800215e        0x2 

.rel.dyn        0x0000000008002160        0x0
 .rel.iplt      0x0000000008002160        0x0 c:/users/pc/onedrive/year3-semester2/micro-processing/stm32/stm32cubeide_1.7.0/stm32cubeide/plugins/com.st.stm32cube.ide.mcu.externaltools.gnu-tools-for-stm32.9-2020-q2-update.win32_2.0.0.202105311346/tools/bin/../lib/gcc/arm-none-eabi/9.3.1/thumb/v7-m/nofp/crtbegin.o

.ARM.extab      0x0000000008002160        0x0
                0x0000000008002160                . = ALIGN (0x4)
 *(.ARM.extab* .gnu.linkonce.armextab.*)
                0x0000000008002160                . = ALIGN (0x4)

.ARM            0x0000000008002160        0x0
                0x0000000008002160                . = ALIGN (0x4)
                0x0000000008002160                __exidx_start = .
 *(.ARM.exidx*)
                0x0000000008002160                __exidx_end = .
                0x0000000008002160                . = ALIGN (0x4)

.preinit_array  0x0000000008002160        0x0
                0x0000000008002160                . = ALIGN (0x4)
                0x0000000008002160                PROVIDE (__preinit_array_start = .)
 *(.preinit_array*)
                0x0000000008002160                PROVIDE (__preinit_array_end = .)
                0x0000000008002160                . = ALIGN (0x4)

.init_array     0x0000000008002160        0x4
                0x0000000008002160                . = ALIGN (0x4)
                0x0000000008002160                PROVIDE (__init_array_start = .)
 *(SORT_BY_NAME(.init_array.*))
 *(.init_array*)
 .init_array    0x0000000008002160        0x4 c:/users/pc/onedrive/year3-semester2/micro-processing/stm32/stm32cubeide_1.7.0/stm32cubeide/plugins/com.st.stm32cube.ide.mcu.externaltools.gnu-tools-for-stm32.9-2020-q2-update.win32_2.0.0.202105311346/tools/bin/../lib/gcc/arm-none-eabi/9.3.1/thumb/v7-m/nofp/crtbegin.o
                0x0000000008002164                PROVIDE (__init_array_end = .)
                0x0000000008002164                . = ALIGN (0x4)

.fini_array     0x0000000008002164        0x4
                0x0000000008002164                . = ALIGN (0x4)
                [!provide]                        PROVIDE (__fini_array_start = .)
 *(SORT_BY_NAME(.fini_array.*))
 *(.fini_array*)
 .fini_array    0x0000000008002164        0x4 c:/users/pc/onedrive/year3-semester2/micro-processing/stm32/stm32cubeide_1.7.0/stm32cubeide/plugins/com.st.stm32cube.ide.mcu.externaltools.gnu-tools-for-stm32.9-2020-q2-update.win32_2.0.0.202105311346/tools/bin/../lib/gcc/arm-none-eabi/9.3.1/thumb/v7-m/nofp/crtbegin.o
                [!provide]                        PROVIDE (__fini_array_end = .)
                0x0000000008002168                . = ALIGN (0x4)
                0x0000000008002168                _sidata = LOADADDR (.data)

.data           0x0000000020000000       0x44 load address 0x0000000008002168
                0x0000000020000000                . = ALIGN (0x4)
                0x0000000020000000                _sdata = .
 *(.data)
 *(.data*)
 .data.KeyReg0  0x0000000020000000        0xc ./Core/Src/button.o
                0x0000000020000000                KeyReg0
 .data.KeyReg1  0x000000002000000c        0xc ./Core/Src/button.o
                0x000000002000000c                KeyReg1
 .data.KeyReg2  0x0000000020000018        0xc ./Core/Src/button.o
                0x0000000020000018                KeyReg2
 .data.KeyReg3  0x0000000020000024        0xc ./Core/Src/button.o
                0x0000000020000024                KeyReg3
 .data.TimeOutForKeyPress
                0x0000000020000030        0x4 ./Core/Src/button.o
                0x0000000020000030                TimeOutForKeyPress
 .data.TimeOutForLongKeyPress
                0x0000000020000034        0x4 ./Core/Src/button.o
                0x0000000020000034                TimeOutForLongKeyPress
 .data.SystemCoreClock
                0x0000000020000038        0x4 ./Core/Src/system_stm32f1xx.o
                0x0000000020000038                SystemCoreClock
 .data.uwTickPrio
                0x000000002000003c        0x4 ./Drivers/STM32F1xx_HAL_Driver/Src/stm32f1xx_hal.o
                0x000000002000003c                uwTickPrio
 .data.uwTickFreq
                0x0000000020000040        0x1 ./Drivers/STM32F1xx_HAL_Driver/Src/stm32f1xx_hal.o
                0x0000000020000040                uwTickFreq
 *(.RamFunc)
 *(.RamFunc*)
                0x0000000020000044                . = ALIGN (0x4)
 *fill*         0x0000000020000041        0x3 
                0x0000000020000044                _edata = .

.igot.plt       0x0000000020000044        0x0 load address 0x00000000080021ac
 .igot.plt      0x0000000020000044        0x0 c:/users/pc/onedrive/year3-semester2/micro-processing/stm32/stm32cubeide_1.7.0/stm32cubeide/plugins/com.st.stm32cube.ide.mcu.externaltools.gnu-tools-for-stm32.9-2020-q2-update.win32_2.0.0.202105311346/tools/bin/../lib/gcc/arm-none-eabi/9.3.1/thumb/v7-m/nofp/crtbegin.o
                0x0000000020000044                . = ALIGN (0x4)

.bss            0x0000000020000044       0xb8 load address 0x00000000080021ac
                0x0000000020000044                _sbss = .
                0x0000000020000044                __bss_start__ = _sbss
 *(.bss)
 .bss           0x0000000020000044       0x1c c:/users/pc/onedrive/year3-semester2/micro-processing/stm32/stm32cubeide_1.7.0/stm32cubeide/plugins/com.st.stm32cube.ide.mcu.externaltools.gnu-tools-for-stm32.9-2020-q2-update.win32_2.0.0.202105311346/tools/bin/../lib/gcc/arm-none-eabi/9.3.1/thumb/v7-m/nofp/crtbegin.o
 *(.bss*)
 .bss.button_flag
                0x0000000020000060        0xc ./Core/Src/button.o
                0x0000000020000060                button_flag
 .bss.button_flag_1s
                0x000000002000006c        0xc ./Core/Src/button.o
                0x000000002000006c                button_flag_1s
 .bss.long_button_flag
                0x0000000020000078        0xc ./Core/Src/button.o
                0x0000000020000078                long_button_flag
 .bss.n         0x0000000020000084        0x4 ./Core/Src/fsm_simple_buttons_run.o
                0x0000000020000084                n
 .bss.timer0_counter
                0x0000000020000088        0x4 ./Core/Src/software_timer.o
                0x0000000020000088                timer0_counter
 .bss.timer1_count
                0x000000002000008c        0x4 ./Core/Src/software_timer.o
                0x000000002000008c                timer1_count
 .bss.timer2_count
                0x0000000020000090        0x4 ./Core/Src/software_timer.o
                0x0000000020000090                timer2_count
 .bss.timer3_count
                0x0000000020000094        0x4 ./Core/Src/software_timer.o
                0x0000000020000094                timer3_count
 .bss.timer4_count
                0x0000000020000098        0x4 ./Core/Src/software_timer.o
                0x0000000020000098                timer4_count
 .bss.timer0_flag
                0x000000002000009c        0x4 ./Core/Src/software_timer.o
                0x000000002000009c                timer0_flag
 .bss.timer1_flag
                0x00000000200000a0        0x4 ./Core/Src/software_timer.o
                0x00000000200000a0                timer1_flag
 .bss.timer2_flag
                0x00000000200000a4        0x4 ./Core/Src/software_timer.o
                0x00000000200000a4                timer2_flag
 .bss.timer3_flag
                0x00000000200000a8        0x4 ./Core/Src/software_timer.o
                0x00000000200000a8                timer3_flag
 .bss.timer4_flag
                0x00000000200000ac        0x4 ./Core/Src/software_timer.o
                0x00000000200000ac                timer4_flag
 *(COMMON)
 COMMON         0x00000000200000b0       0x48 ./Core/Src/main.o
                0x00000000200000b0                htim2
 COMMON         0x00000000200000f8        0x4 ./Drivers/STM32F1xx_HAL_Driver/Src/stm32f1xx_hal.o
                0x00000000200000f8                uwTick
                0x00000000200000fc                . = ALIGN (0x4)
                0x00000000200000fc                _ebss = .
                0x00000000200000fc                __bss_end__ = _ebss

._user_heap_stack
                0x00000000200000fc      0x604 load address 0x00000000080021ac
                0x0000000020000100                . = ALIGN (0x8)
 *fill*         0x00000000200000fc        0x4 
                [!provide]                        PROVIDE (end = .)
                0x0000000020000100                PROVIDE (_end = .)
                0x0000000020000300                . = (. + _Min_Heap_Size)
 *fill*         0x0000000020000100      0x200 
                0x0000000020000700                . = (. + _Min_Stack_Size)
 *fill*         0x0000000020000300      0x400 
                0x0000000020000700                . = ALIGN (0x8)

/DISCARD/
 libc.a(*)
 libm.a(*)
 libgcc.a(*)

.ARM.attributes
                0x0000000000000000       0x29
 *(.ARM.attributes)
 .ARM.attributes
                0x0000000000000000       0x1d c:/users/pc/onedrive/year3-semester2/micro-processing/stm32/stm32cubeide_1.7.0/stm32cubeide/plugins/com.st.stm32cube.ide.mcu.externaltools.gnu-tools-for-stm32.9-2020-q2-update.win32_2.0.0.202105311346/tools/bin/../lib/gcc/arm-none-eabi/9.3.1/thumb/v7-m/nofp/crti.o
 .ARM.attributes
                0x000000000000001d       0x2d c:/users/pc/onedrive/year3-semester2/micro-processing/stm32/stm32cubeide_1.7.0/stm32cubeide/plugins/com.st.stm32cube.ide.mcu.externaltools.gnu-tools-for-stm32.9-2020-q2-update.win32_2.0.0.202105311346/tools/bin/../lib/gcc/arm-none-eabi/9.3.1/thumb/v7-m/nofp/crtbegin.o
 .ARM.attributes
                0x000000000000004a       0x2d ./Core/Src/button.o
 .ARM.attributes
                0x0000000000000077       0x2d ./Core/Src/control_led.o
 .ARM.attributes
                0x00000000000000a4       0x2d ./Core/Src/fsm_simple_buttons_run.o
 .ARM.attributes
                0x00000000000000d1       0x2d ./Core/Src/main.o
 .ARM.attributes
                0x00000000000000fe       0x2d ./Core/Src/software_timer.o
 .ARM.attributes
                0x000000000000012b       0x2d ./Core/Src/stm32f1xx_hal_msp.o
 .ARM.attributes
                0x0000000000000158       0x2d ./Core/Src/stm32f1xx_it.o
 .ARM.attributes
                0x0000000000000185       0x2d ./Core/Src/system_stm32f1xx.o
 .ARM.attributes
                0x00000000000001b2       0x21 ./Core/Startup/startup_stm32f103c6ux.o
 .ARM.attributes
                0x00000000000001d3       0x2d ./Drivers/STM32F1xx_HAL_Driver/Src/stm32f1xx_hal.o
 .ARM.attributes
                0x0000000000000200       0x2d ./Drivers/STM32F1xx_HAL_Driver/Src/stm32f1xx_hal_cortex.o
 .ARM.attributes
                0x000000000000022d       0x2d ./Drivers/STM32F1xx_HAL_Driver/Src/stm32f1xx_hal_gpio.o
 .ARM.attributes
                0x000000000000025a       0x2d ./Drivers/STM32F1xx_HAL_Driver/Src/stm32f1xx_hal_rcc.o
 .ARM.attributes
                0x0000000000000287       0x2d ./Drivers/STM32F1xx_HAL_Driver/Src/stm32f1xx_hal_tim.o
 .ARM.attributes
                0x00000000000002b4       0x2d ./Drivers/STM32F1xx_HAL_Driver/Src/stm32f1xx_hal_tim_ex.o
 .ARM.attributes
                0x00000000000002e1       0x2d c:/users/pc/onedrive/year3-semester2/micro-processing/stm32/stm32cubeide_1.7.0/stm32cubeide/plugins/com.st.stm32cube.ide.mcu.externaltools.gnu-tools-for-stm32.9-2020-q2-update.win32_2.0.0.202105311346/tools/bin/../lib/gcc/arm-none-eabi/9.3.1/../../../../arm-none-eabi/lib/thumb/v7-m/nofp\libc_nano.a(lib_a-init.o)
 .ARM.attributes
                0x000000000000030e       0x2d c:/users/pc/onedrive/year3-semester2/micro-processing/stm32/stm32cubeide_1.7.0/stm32cubeide/plugins/com.st.stm32cube.ide.mcu.externaltools.gnu-tools-for-stm32.9-2020-q2-update.win32_2.0.0.202105311346/tools/bin/../lib/gcc/arm-none-eabi/9.3.1/../../../../arm-none-eabi/lib/thumb/v7-m/nofp\libc_nano.a(lib_a-memset.o)
 .ARM.attributes
                0x000000000000033b       0x1d c:/users/pc/onedrive/year3-semester2/micro-processing/stm32/stm32cubeide_1.7.0/stm32cubeide/plugins/com.st.stm32cube.ide.mcu.externaltools.gnu-tools-for-stm32.9-2020-q2-update.win32_2.0.0.202105311346/tools/bin/../lib/gcc/arm-none-eabi/9.3.1/thumb/v7-m/nofp/crtn.o
OUTPUT(FINAL_LAB_TRINHVANDUC_ITITIU21182.elf elf32-littlearm)
LOAD linker stubs
LOAD c:/users/pc/onedrive/year3-semester2/micro-processing/stm32/stm32cubeide_1.7.0/stm32cubeide/plugins/com.st.stm32cube.ide.mcu.externaltools.gnu-tools-for-stm32.9-2020-q2-update.win32_2.0.0.202105311346/tools/bin/../lib/gcc/arm-none-eabi/9.3.1/../../../../arm-none-eabi/lib/thumb/v7-m/nofp\libc.a
LOAD c:/users/pc/onedrive/year3-semester2/micro-processing/stm32/stm32cubeide_1.7.0/stm32cubeide/plugins/com.st.stm32cube.ide.mcu.externaltools.gnu-tools-for-stm32.9-2020-q2-update.win32_2.0.0.202105311346/tools/bin/../lib/gcc/arm-none-eabi/9.3.1/../../../../arm-none-eabi/lib/thumb/v7-m/nofp\libm.a
LOAD c:/users/pc/onedrive/year3-semester2/micro-processing/stm32/stm32cubeide_1.7.0/stm32cubeide/plugins/com.st.stm32cube.ide.mcu.externaltools.gnu-tools-for-stm32.9-2020-q2-update.win32_2.0.0.202105311346/tools/bin/../lib/gcc/arm-none-eabi/9.3.1/thumb/v7-m/nofp\libgcc.a

.debug_info     0x0000000000000000     0x8f00
 .debug_info    0x0000000000000000      0x383 ./Core/Src/button.o
 .debug_info    0x0000000000000383      0x24d ./Core/Src/control_led.o
 .debug_info    0x00000000000005d0      0x29c ./Core/Src/fsm_simple_buttons_run.o
 .debug_info    0x000000000000086c      0xbd8 ./Core/Src/main.o
 .debug_info    0x0000000000001444      0x1eb ./Core/Src/software_timer.o
 .debug_info    0x000000000000162f      0xa09 ./Core/Src/stm32f1xx_hal_msp.o
 .debug_info    0x0000000000002038      0x7b9 ./Core/Src/stm32f1xx_it.o
 .debug_info    0x00000000000027f1      0x2be ./Core/Src/system_stm32f1xx.o
 .debug_info    0x0000000000002aaf       0x22 ./Core/Startup/startup_stm32f103c6ux.o
 .debug_info    0x0000000000002ad1      0x74c ./Drivers/STM32F1xx_HAL_Driver/Src/stm32f1xx_hal.o
 .debug_info    0x000000000000321d      0xbbe ./Drivers/STM32F1xx_HAL_Driver/Src/stm32f1xx_hal_cortex.o
 .debug_info    0x0000000000003ddb      0x701 ./Drivers/STM32F1xx_HAL_Driver/Src/stm32f1xx_hal_gpio.o
 .debug_info    0x00000000000044dc      0x893 ./Drivers/STM32F1xx_HAL_Driver/Src/stm32f1xx_hal_rcc.o
 .debug_info    0x0000000000004d6f     0x2c12 ./Drivers/STM32F1xx_HAL_Driver/Src/stm32f1xx_hal_tim.o
 .debug_info    0x0000000000007981     0x157f ./Drivers/STM32F1xx_HAL_Driver/Src/stm32f1xx_hal_tim_ex.o

.debug_abbrev   0x0000000000000000     0x196f
 .debug_abbrev  0x0000000000000000      0x195 ./Core/Src/button.o
 .debug_abbrev  0x0000000000000195      0x109 ./Core/Src/control_led.o
 .debug_abbrev  0x000000000000029e      0x130 ./Core/Src/fsm_simple_buttons_run.o
 .debug_abbrev  0x00000000000003ce      0x23f ./Core/Src/main.o
 .debug_abbrev  0x000000000000060d       0xb6 ./Core/Src/software_timer.o
 .debug_abbrev  0x00000000000006c3      0x1b7 ./Core/Src/stm32f1xx_hal_msp.o
 .debug_abbrev  0x000000000000087a      0x176 ./Core/Src/stm32f1xx_it.o
 .debug_abbrev  0x00000000000009f0      0x14e ./Core/Src/system_stm32f1xx.o
 .debug_abbrev  0x0000000000000b3e       0x12 ./Core/Startup/startup_stm32f103c6ux.o
 .debug_abbrev  0x0000000000000b50      0x1ed ./Drivers/STM32F1xx_HAL_Driver/Src/stm32f1xx_hal.o
 .debug_abbrev  0x0000000000000d3d      0x313 ./Drivers/STM32F1xx_HAL_Driver/Src/stm32f1xx_hal_cortex.o
 .debug_abbrev  0x0000000000001050      0x1e8 ./Drivers/STM32F1xx_HAL_Driver/Src/stm32f1xx_hal_gpio.o
 .debug_abbrev  0x0000000000001238      0x273 ./Drivers/STM32F1xx_HAL_Driver/Src/stm32f1xx_hal_rcc.o
 .debug_abbrev  0x00000000000014ab      0x25e ./Drivers/STM32F1xx_HAL_Driver/Src/stm32f1xx_hal_tim.o
 .debug_abbrev  0x0000000000001709      0x266 ./Drivers/STM32F1xx_HAL_Driver/Src/stm32f1xx_hal_tim_ex.o

.debug_aranges  0x0000000000000000      0xa00
 .debug_aranges
                0x0000000000000000       0x38 ./Core/Src/button.o
 .debug_aranges
                0x0000000000000038       0x20 ./Core/Src/control_led.o
 .debug_aranges
                0x0000000000000058       0x30 ./Core/Src/fsm_simple_buttons_run.o
 .debug_aranges
                0x0000000000000088       0x48 ./Core/Src/main.o
 .debug_aranges
                0x00000000000000d0       0x48 ./Core/Src/software_timer.o
 .debug_aranges
                0x0000000000000118       0x30 ./Core/Src/stm32f1xx_hal_msp.o
 .debug_aranges
                0x0000000000000148       0x68 ./Core/Src/stm32f1xx_it.o
 .debug_aranges
                0x00000000000001b0       0x28 ./Core/Src/system_stm32f1xx.o
 .debug_aranges
                0x00000000000001d8       0x28 ./Core/Startup/startup_stm32f103c6ux.o
 .debug_aranges
                0x0000000000000200       0xe0 ./Drivers/STM32F1xx_HAL_Driver/Src/stm32f1xx_hal.o
 .debug_aranges
                0x00000000000002e0      0x100 ./Drivers/STM32F1xx_HAL_Driver/Src/stm32f1xx_hal_cortex.o
 .debug_aranges
                0x00000000000003e0       0x58 ./Drivers/STM32F1xx_HAL_Driver/Src/stm32f1xx_hal_gpio.o
 .debug_aranges
                0x0000000000000438       0x90 ./Drivers/STM32F1xx_HAL_Driver/Src/stm32f1xx_hal_rcc.o
 .debug_aranges
                0x00000000000004c8      0x3d0 ./Drivers/STM32F1xx_HAL_Driver/Src/stm32f1xx_hal_tim.o
 .debug_aranges
                0x0000000000000898      0x168 ./Drivers/STM32F1xx_HAL_Driver/Src/stm32f1xx_hal_tim_ex.o

.debug_ranges   0x0000000000000000      0x918
 .debug_ranges  0x0000000000000000       0x28 ./Core/Src/button.o
 .debug_ranges  0x0000000000000028       0x10 ./Core/Src/control_led.o
 .debug_ranges  0x0000000000000038       0x20 ./Core/Src/fsm_simple_buttons_run.o
 .debug_ranges  0x0000000000000058       0x38 ./Core/Src/main.o
 .debug_ranges  0x0000000000000090       0x38 ./Core/Src/software_timer.o
 .debug_ranges  0x00000000000000c8       0x20 ./Core/Src/stm32f1xx_hal_msp.o
 .debug_ranges  0x00000000000000e8       0x58 ./Core/Src/stm32f1xx_it.o
 .debug_ranges  0x0000000000000140       0x18 ./Core/Src/system_stm32f1xx.o
 .debug_ranges  0x0000000000000158       0x20 ./Core/Startup/startup_stm32f103c6ux.o
 .debug_ranges  0x0000000000000178       0xd0 ./Drivers/STM32F1xx_HAL_Driver/Src/stm32f1xx_hal.o
 .debug_ranges  0x0000000000000248       0xf0 ./Drivers/STM32F1xx_HAL_Driver/Src/stm32f1xx_hal_cortex.o
 .debug_ranges  0x0000000000000338       0x48 ./Drivers/STM32F1xx_HAL_Driver/Src/stm32f1xx_hal_gpio.o
 .debug_ranges  0x0000000000000380       0x80 ./Drivers/STM32F1xx_HAL_Driver/Src/stm32f1xx_hal_rcc.o
 .debug_ranges  0x0000000000000400      0x3c0 ./Drivers/STM32F1xx_HAL_Driver/Src/stm32f1xx_hal_tim.o
 .debug_ranges  0x00000000000007c0      0x158 ./Drivers/STM32F1xx_HAL_Driver/Src/stm32f1xx_hal_tim_ex.o

.debug_macro    0x0000000000000000    0x16829
 .debug_macro   0x0000000000000000      0x1c7 ./Core/Src/button.o
 .debug_macro   0x00000000000001c7      0xa9c ./Core/Src/button.o
 .debug_macro   0x0000000000000c63      0x215 ./Core/Src/button.o
 .debug_macro   0x0000000000000e78       0x2e ./Core/Src/button.o
 .debug_macro   0x0000000000000ea6       0x22 ./Core/Src/button.o
 .debug_macro   0x0000000000000ec8       0x22 ./Core/Src/button.o
 .debug_macro   0x0000000000000eea       0x8e ./Core/Src/button.o
 .debug_macro   0x0000000000000f78       0x51 ./Core/Src/button.o
 .debug_macro   0x0000000000000fc9      0x103 ./Core/Src/button.o
 .debug_macro   0x00000000000010cc       0x6a ./Core/Src/button.o
 .debug_macro   0x0000000000001136      0x1df ./Core/Src/button.o
 .debug_macro   0x0000000000001315       0x1c ./Core/Src/button.o
 .debug_macro   0x0000000000001331       0x22 ./Core/Src/button.o
 .debug_macro   0x0000000000001353       0xc3 ./Core/Src/button.o
 .debug_macro   0x0000000000001416      0xd23 ./Core/Src/button.o
 .debug_macro   0x0000000000002139     0xde75 ./Core/Src/button.o
 .debug_macro   0x000000000000ffae       0x6d ./Core/Src/button.o
 .debug_macro   0x000000000001001b     0x348d ./Core/Src/button.o
 .debug_macro   0x00000000000134a8      0x174 ./Core/Src/button.o
 .debug_macro   0x000000000001361c       0x5c ./Core/Src/button.o
 .debug_macro   0x0000000000013678      0x5bc ./Core/Src/button.o
 .debug_macro   0x0000000000013c34      0x1b7 ./Core/Src/button.o
 .debug_macro   0x0000000000013deb      0x1cb ./Core/Src/button.o
 .debug_macro   0x0000000000013fb6      0x114 ./Core/Src/button.o
 .debug_macro   0x00000000000140ca      0x1b2 ./Core/Src/button.o
 .debug_macro   0x000000000001427c       0x27 ./Core/Src/button.o
 .debug_macro   0x00000000000142a3      0x12f ./Core/Src/button.o
 .debug_macro   0x00000000000143d2      0x1bc ./Core/Src/button.o
 .debug_macro   0x000000000001458e       0x34 ./Core/Src/button.o
 .debug_macro   0x00000000000145c2       0x3c ./Core/Src/button.o
 .debug_macro   0x00000000000145fe       0x57 ./Core/Src/button.o
 .debug_macro   0x0000000000014655       0x87 ./Core/Src/button.o
 .debug_macro   0x00000000000146dc      0x183 ./Core/Src/button.o
 .debug_macro   0x000000000001485f      0x140 ./Core/Src/button.o
 .debug_macro   0x000000000001499f      0x8ed ./Core/Src/button.o
 .debug_macro   0x000000000001528c       0x69 ./Core/Src/button.o
 .debug_macro   0x00000000000152f5       0x88 ./Core/Src/button.o
 .debug_macro   0x000000000001537d       0x10 ./Core/Src/button.o
 .debug_macro   0x000000000001538d      0x1b0 ./Core/Src/control_led.o
 .debug_macro   0x000000000001553d      0x1cd ./Core/Src/fsm_simple_buttons_run.o
 .debug_macro   0x000000000001570a       0x16 ./Core/Src/fsm_simple_buttons_run.o
 .debug_macro   0x0000000000015720      0x1d5 ./Core/Src/main.o
 .debug_macro   0x00000000000158f5       0x1b ./Core/Src/software_timer.o
 .debug_macro   0x0000000000015910      0x1a6 ./Core/Src/stm32f1xx_hal_msp.o
 .debug_macro   0x0000000000015ab6      0x1b0 ./Core/Src/stm32f1xx_it.o
 .debug_macro   0x0000000000015c66      0x197 ./Core/Src/system_stm32f1xx.o
 .debug_macro   0x0000000000015dfd      0x1bb ./Drivers/STM32F1xx_HAL_Driver/Src/stm32f1xx_hal.o
 .debug_macro   0x0000000000015fb8      0x197 ./Drivers/STM32F1xx_HAL_Driver/Src/stm32f1xx_hal_cortex.o
 .debug_macro   0x000000000001614f      0x202 ./Drivers/STM32F1xx_HAL_Driver/Src/stm32f1xx_hal_gpio.o
 .debug_macro   0x0000000000016351      0x1a9 ./Drivers/STM32F1xx_HAL_Driver/Src/stm32f1xx_hal_rcc.o
 .debug_macro   0x00000000000164fa      0x198 ./Drivers/STM32F1xx_HAL_Driver/Src/stm32f1xx_hal_tim.o
 .debug_macro   0x0000000000016692      0x197 ./Drivers/STM32F1xx_HAL_Driver/Src/stm32f1xx_hal_tim_ex.o

.debug_line     0x0000000000000000     0xbc1e
 .debug_line    0x0000000000000000      0x8e0 ./Core/Src/button.o
 .debug_line    0x00000000000008e0      0x815 ./Core/Src/control_led.o
 .debug_line    0x00000000000010f5      0x8b2 ./Core/Src/fsm_simple_buttons_run.o
 .debug_line    0x00000000000019a7      0x921 ./Core/Src/main.o
 .debug_line    0x00000000000022c8      0x14d ./Core/Src/software_timer.o
 .debug_line    0x0000000000002415      0x806 ./Core/Src/stm32f1xx_hal_msp.o
 .debug_line    0x0000000000002c1b      0x8a4 ./Core/Src/stm32f1xx_it.o
 .debug_line    0x00000000000034bf      0x848 ./Core/Src/system_stm32f1xx.o
 .debug_line    0x0000000000003d07       0x86 ./Core/Startup/startup_stm32f103c6ux.o
 .debug_line    0x0000000000003d8d      0xa75 ./Drivers/STM32F1xx_HAL_Driver/Src/stm32f1xx_hal.o
 .debug_line    0x0000000000004802      0xc5d ./Drivers/STM32F1xx_HAL_Driver/Src/stm32f1xx_hal_cortex.o
 .debug_line    0x000000000000545f      0xaf8 ./Drivers/STM32F1xx_HAL_Driver/Src/stm32f1xx_hal_gpio.o
 .debug_line    0x0000000000005f57      0xe81 ./Drivers/STM32F1xx_HAL_Driver/Src/stm32f1xx_hal_rcc.o
 .debug_line    0x0000000000006dd8     0x34ab ./Drivers/STM32F1xx_HAL_Driver/Src/stm32f1xx_hal_tim.o
 .debug_line    0x000000000000a283     0x199b ./Drivers/STM32F1xx_HAL_Driver/Src/stm32f1xx_hal_tim_ex.o

.debug_str      0x0000000000000000    0x82178
 .debug_str     0x0000000000000000    0x7f67f ./Core/Src/button.o
                                      0x7f9d9 (size before relaxing)
 .debug_str     0x000000000007f67f       0x56 ./Core/Src/control_led.o
                                      0x7f8ea (size before relaxing)
 .debug_str     0x000000000007f6d5       0xd2 ./Core/Src/fsm_simple_buttons_run.o
                                      0x7f9ae (size before relaxing)
 .debug_str     0x000000000007f7a7      0x6df ./Core/Src/main.o
                                      0x800f9 (size before relaxing)
 .debug_str     0x000000000007fe86       0xb0 ./Core/Src/software_timer.o
                                       0x2e97 (size before relaxing)
 .debug_str     0x000000000007ff36      0x2ba ./Core/Src/stm32f1xx_hal_msp.o
                                      0x8008e (size before relaxing)
 .debug_str     0x00000000000801f0       0xcd ./Core/Src/stm32f1xx_it.o
                                      0x7fdf0 (size before relaxing)
 .debug_str     0x00000000000802bd       0x52 ./Core/Src/system_stm32f1xx.o
                                      0x7f718 (size before relaxing)
 .debug_str     0x000000000008030f       0x36 ./Core/Startup/startup_stm32f103c6ux.o
                                         0xa7 (size before relaxing)
 .debug_str     0x0000000000080345      0x304 ./Drivers/STM32F1xx_HAL_Driver/Src/stm32f1xx_hal.o
                                      0x7fd6f (size before relaxing)
 .debug_str     0x0000000000080649      0x300 ./Drivers/STM32F1xx_HAL_Driver/Src/stm32f1xx_hal_cortex.o
                                      0x7fd77 (size before relaxing)
 .debug_str     0x0000000000080949      0x324 ./Drivers/STM32F1xx_HAL_Driver/Src/stm32f1xx_hal_gpio.o
                                      0x7fadc (size before relaxing)
 .debug_str     0x0000000000080c6d      0x24f ./Drivers/STM32F1xx_HAL_Driver/Src/stm32f1xx_hal_rcc.o
                                      0x7fb15 (size before relaxing)
 .debug_str     0x0000000000080ebc      0xdce ./Drivers/STM32F1xx_HAL_Driver/Src/stm32f1xx_hal_tim.o
                                      0x80aee (size before relaxing)
 .debug_str     0x0000000000081c8a      0x4ee ./Drivers/STM32F1xx_HAL_Driver/Src/stm32f1xx_hal_tim_ex.o
                                      0x8029f (size before relaxing)

.comment        0x0000000000000000       0x53
 .comment       0x0000000000000000       0x53 ./Core/Src/button.o
                                         0x54 (size before relaxing)
 .comment       0x0000000000000053       0x54 ./Core/Src/control_led.o
 .comment       0x0000000000000053       0x54 ./Core/Src/fsm_simple_buttons_run.o
 .comment       0x0000000000000053       0x54 ./Core/Src/main.o
 .comment       0x0000000000000053       0x54 ./Core/Src/software_timer.o
 .comment       0x0000000000000053       0x54 ./Core/Src/stm32f1xx_hal_msp.o
 .comment       0x0000000000000053       0x54 ./Core/Src/stm32f1xx_it.o
 .comment       0x0000000000000053       0x54 ./Core/Src/system_stm32f1xx.o
 .comment       0x0000000000000053       0x54 ./Drivers/STM32F1xx_HAL_Driver/Src/stm32f1xx_hal.o
 .comment       0x0000000000000053       0x54 ./Drivers/STM32F1xx_HAL_Driver/Src/stm32f1xx_hal_cortex.o
 .comment       0x0000000000000053       0x54 ./Drivers/STM32F1xx_HAL_Driver/Src/stm32f1xx_hal_gpio.o
 .comment       0x0000000000000053       0x54 ./Drivers/STM32F1xx_HAL_Driver/Src/stm32f1xx_hal_rcc.o
 .comment       0x0000000000000053       0x54 ./Drivers/STM32F1xx_HAL_Driver/Src/stm32f1xx_hal_tim.o
 .comment       0x0000000000000053       0x54 ./Drivers/STM32F1xx_HAL_Driver/Src/stm32f1xx_hal_tim_ex.o

.debug_frame    0x0000000000000000     0x280c
 .debug_frame   0x0000000000000000       0xac ./Core/Src/button.o
 .debug_frame   0x00000000000000ac       0x34 ./Core/Src/control_led.o
 .debug_frame   0x00000000000000e0       0x6c ./Core/Src/fsm_simple_buttons_run.o
 .debug_frame   0x000000000000014c       0xd4 ./Core/Src/main.o
 .debug_frame   0x0000000000000220       0xf8 ./Core/Src/software_timer.o
 .debug_frame   0x0000000000000318       0x80 ./Core/Src/stm32f1xx_hal_msp.o
 .debug_frame   0x0000000000000398      0x120 ./Core/Src/stm32f1xx_it.o
 .debug_frame   0x00000000000004b8       0x58 ./Core/Src/system_stm32f1xx.o
 .debug_frame   0x0000000000000510      0x334 ./Drivers/STM32F1xx_HAL_Driver/Src/stm32f1xx_hal.o
 .debug_frame   0x0000000000000844      0x428 ./Drivers/STM32F1xx_HAL_Driver/Src/stm32f1xx_hal_cortex.o
 .debug_frame   0x0000000000000c6c      0x14c ./Drivers/STM32F1xx_HAL_Driver/Src/stm32f1xx_hal_gpio.o
 .debug_frame   0x0000000000000db8      0x218 ./Drivers/STM32F1xx_HAL_Driver/Src/stm32f1xx_hal_rcc.o
 .debug_frame   0x0000000000000fd0     0x11b8 ./Drivers/STM32F1xx_HAL_Driver/Src/stm32f1xx_hal_tim.o
 .debug_frame   0x0000000000002188      0x638 ./Drivers/STM32F1xx_HAL_Driver/Src/stm32f1xx_hal_tim_ex.o
 .debug_frame   0x00000000000027c0       0x2c c:/users/pc/onedrive/year3-semester2/micro-processing/stm32/stm32cubeide_1.7.0/stm32cubeide/plugins/com.st.stm32cube.ide.mcu.externaltools.gnu-tools-for-stm32.9-2020-q2-update.win32_2.0.0.202105311346/tools/bin/../lib/gcc/arm-none-eabi/9.3.1/../../../../arm-none-eabi/lib/thumb/v7-m/nofp\libc_nano.a(lib_a-init.o)
 .debug_frame   0x00000000000027ec       0x20 c:/users/pc/onedrive/year3-semester2/micro-processing/stm32/stm32cubeide_1.7.0/stm32cubeide/plugins/com.st.stm32cube.ide.mcu.externaltools.gnu-tools-for-stm32.9-2020-q2-update.win32_2.0.0.202105311346/tools/bin/../lib/gcc/arm-none-eabi/9.3.1/../../../../arm-none-eabi/lib/thumb/v7-m/nofp\libc_nano.a(lib_a-memset.o)
